---
source: quilt-conformance/tests/grammar_tags.rs
expression: report
---
bash: 28 variadic
  arithmetic_expansion
  array
  c_style_for_statement
  case_item
  case_statement
  command
  command_substitution
  compound_statement
  concatenation
  declaration_command
  do_group
  elif_clause
  else_clause
  expansion
  file_redirect
  for_statement
  heredoc_body
  heredoc_redirect
  if_statement
  pipeline
  process_substitution
  program
  redirected_statement
  string
  subshell
  unset_command
  variable_assignments
  while_statement

html: 7 variadic
  document
  element
  quoted_attribute_value
  script_element
  self_closing_tag
  start_tag
  style_element

lean: 50 variadic
  abbrev
  anon_ctor
  anon_ctor_binder
  array_lit
  attribute_cmd
  attributes
  axiom
  by
  constant
  decl_doc_cmd
  decl_modifiers
  declaration
  def
  deriving_cmd
  do_block
  elab_rules_cmd
  example
  explicit_binder
  export
  fun
  implicit_binder
  induction
  inductive
  initialize
  instance
  interpolated_str
  list_lit
  macro_cmd
  macro_rules_cmd
  match
  match_alt
  module
  opaque
  open
  paren
  str_lit
  strict_implicit_binder
  struct_lit
  structure
  syntax_cmd
  tactic_case
  theorem
  tuple_binder
  unif_hint_cmd
  universe
  universe_app
  variable
  where_aux_def
  where_decls
  where_struct

nix: 9 variadic
  attrpath
  binding_set
  formals
  hpath_expression
  indented_string_expression
  inherited_attrs
  list_expression
  path_expression
  string_expression

python: 46 variadic
  argument_list
  assert_statement
  block
  case_clause
  class_pattern
  comparison_operator
  concatenated_string
  decorated_definition
  dict_pattern
  dictionary
  dictionary_comprehension
  dotted_name
  except_clause
  exec_statement
  expression_list
  for_in_clause
  format_specifier
  future_import_statement
  generator_expression
  global_statement
  if_statement
  import_from_statement
  import_prefix
  import_statement
  lambda_parameters
  list
  list_comprehension
  list_pattern
  match_statement
  module
  nonlocal_statement
  parameters
  pattern_list
  print_statement
  set
  set_comprehension
  string
  string_content
  subscript
  try_statement
  tuple
  tuple_expression
  tuple_pattern
  type_parameter
  union_pattern
  with_clause

rust: 35 variadic
  arguments
  array_expression
  block
  closure_parameters
  declaration_list
  enum_variant_list
  field_declaration_list
  field_initializer
  field_initializer_list
  for_lifetimes
  function_modifiers
  macro_definition
  match_arm
  match_block
  ordered_field_declaration_list
  parameters
  shorthand_field_initializer
  slice_pattern
  source_file
  string_literal
  struct_pattern
  token_repetition
  token_repetition_pattern
  token_tree
  token_tree_pattern
  trait_bounds
  tuple_expression
  tuple_pattern
  tuple_struct_pattern
  tuple_type
  type_arguments
  type_parameters
  use_bounds
  use_list
  where_clause

sql: 62 variadic
  alter_column
  alter_index
  alter_policy
  alter_role
  alter_sequence
  alter_table
  array
  array_size_definition
  assignment_list
  block
  case
  column_definition
  column_definitions
  composite_field
  constraint
  constraints
  create_database
  create_function
  create_policy
  create_procedure
  create_query
  create_role
  create_sequence
  create_table
  create_trigger
  create_type
  create_view
  cross_join
  cte
  drop_extension
  enum
  enum_elements
  from
  function_arguments
  function_body
  group_by
  index_fields
  insert
  interval
  invocation
  list
  literal
  order_by
  ordered_columns
  partition_by
  procedure_body
  program
  select_expression
  set_operation
  set_statement
  statement
  storage_parameters
  subquery
  table_option
  table_partition
  table_sort
  transaction
  update
  values
  var_declarations
  when_clause
  while_statement

text: (no tree-sitter grammar)

typescript: 35 variadic
  abstract_class_declaration
  arguments
  array
  array_pattern
  class
  class_body
  class_declaration
  enum_body
  export_clause
  export_statement
  extends_clause
  extends_type_clause
  formal_parameters
  implements_clause
  lexical_declaration
  named_imports
  object
  object_pattern
  object_type
  optional_parameter
  program
  public_field_definition
  required_parameter
  sequence_expression
  statement_block
  string
  switch_body
  switch_case
  switch_default
  template_literal_type
  template_string
  tuple_type
  type_arguments
  type_parameters
  variable_declaration

wgsl: 19 variadic
  argument_list_expression
  attribute
  case_compound_statement
  case_selectors
  compound_statement
  const_expression
  continuing_compound_statement
  function_declaration
  function_return_type_declaration
  global_constant_declaration
  global_variable_declaration
  lhs_expression
  loop_statement
  parameter
  parameter_list
  source_file
  struct_declaration
  struct_member
  switch_statement

zsh: 40 variadic
  arithmetic_call
  arithmetic_expansion
  array
  c_style_for_statement
  case_item
  case_statement
  command
  command_substitution
  compound_statement
  compound_statement_no_always
  concatenation
  declaration_command
  do_group
  elif_clause
  else_clause
  expansion
  expansion_array
  expansion_default
  expansion_default_list
  expansion_modifier
  expansion_pattern
  expansion_substring
  expansion_with_modifier
  file_redirect
  for_statement
  function_definition
  heredoc_body
  heredoc_redirect
  if_statement
  pipeline
  process_substitution
  program
  redirected_statement
  select_statement
  string
  subshell
  terse_for_statement
  unset_command
  variable_assignments
  while_statement
