---
source: quilt/tests/ui.rs
expression: run_check(fixture)
---
$ quilt check unbalanced_bracket.rs.quilt
exit: 1

unbalanced_bracket.rs.quilt:   × malformed Quilt syntax (source bytes 8..18)
   ╭─[unbalanced_bracket.rs.quilt:1:9]
 1 │ let x = ↖1 + 2;
   ·         ────┬───
   ·             ╰── here
   ╰────
  help: Quilt brackets must be balanced and nested: `↖…↗` quotes and `↙…↘`
        unquotes. A glyph meant as literal text needs a `\` escape.

Error:   × 1 of 1 file(s) failed to check
